Archive member included because of file (symbol)

c:/program files (x86)/atmel/avr tools/avr toolchain/bin/../lib/gcc/avr/4.8.1/avr5\libgcc.a(_exit.o)
                              c:/program files (x86)/atmel/avr tools/avr toolchain/bin/../lib/gcc/avr/4.8.1/../../../../avr/lib/avr5/crtm328p.o (exit)
c:/program files (x86)/atmel/avr tools/avr toolchain/bin/../lib/gcc/avr/4.8.1/avr5\libgcc.a(_copy_data.o)
                              ./ip_arp_udp_tcp.o (__do_copy_data)
c:/program files (x86)/atmel/avr tools/avr toolchain/bin/../lib/gcc/avr/4.8.1/avr5\libgcc.a(_clear_bss.o)
                              ./enc28j60.o (__do_clear_bss)
c:/program files (x86)/atmel/avr tools/avr toolchain/bin/../lib/gcc/avr/4.8.1/../../../../avr/lib/avr5\libc.a(strncmp.o)
                              ./test2.o (strncmp)

Allocating common symbols
Common symbol       size              file

_buf                0x1               ./test2.o
i                   0x1               ./test2.o
bufor               0xa               ./test2.o

Memory Configuration

Name             Origin             Length             Attributes
text             0x00000000         0x00020000         xr
data             0x00800060         0x0000ffa0         rw !x
eeprom           0x00810000         0x00010000         rw !x
fuse             0x00820000         0x00000400         rw !x
lock             0x00830000         0x00000400         rw !x
signature        0x00840000         0x00000400         rw !x
user_signatures  0x00850000         0x00000400         rw !x
*default*        0x00000000         0xffffffff

Linker script and memory map

Address of section .data set to 0x800100
LOAD c:/program files (x86)/atmel/avr tools/avr toolchain/bin/../lib/gcc/avr/4.8.1/../../../../avr/lib/avr5/crtm328p.o
LOAD ./enc28j60.o
LOAD ./ip_arp_udp_tcp.o
LOAD ./test2.o
START GROUP
LOAD c:/program files (x86)/atmel/avr tools/avr toolchain/bin/../lib/gcc/avr/4.8.1/avr5\libgcc.a
LOAD c:/program files (x86)/atmel/avr tools/avr toolchain/bin/../lib/gcc/avr/4.8.1/../../../../avr/lib/avr5\libm.a
LOAD c:/program files (x86)/atmel/avr tools/avr toolchain/bin/../lib/gcc/avr/4.8.1/../../../../avr/lib/avr5\libc.a
END GROUP

.hash
 *(.hash)

.dynsym
 *(.dynsym)

.dynstr
 *(.dynstr)

.gnu.version
 *(.gnu.version)

.gnu.version_d
 *(.gnu.version_d)

.gnu.version_r
 *(.gnu.version_r)

.rel.init
 *(.rel.init)

.rela.init
 *(.rela.init)

.rel.text
 *(.rel.text)
 *(.rel.text.*)
 *(.rel.gnu.linkonce.t*)

.rela.text
 *(.rela.text)
 *(.rela.text.*)
 *(.rela.gnu.linkonce.t*)

.rel.fini
 *(.rel.fini)

.rela.fini
 *(.rela.fini)

.rel.rodata
 *(.rel.rodata)
 *(.rel.rodata.*)
 *(.rel.gnu.linkonce.r*)

.rela.rodata
 *(.rela.rodata)
 *(.rela.rodata.*)
 *(.rela.gnu.linkonce.r*)

.rel.data
 *(.rel.data)
 *(.rel.data.*)
 *(.rel.gnu.linkonce.d*)

.rela.data
 *(.rela.data)
 *(.rela.data.*)
 *(.rela.gnu.linkonce.d*)

.rel.ctors
 *(.rel.ctors)

.rela.ctors
 *(.rela.ctors)

.rel.dtors
 *(.rel.dtors)

.rela.dtors
 *(.rela.dtors)

.rel.got
 *(.rel.got)

.rela.got
 *(.rela.got)

.rel.bss
 *(.rel.bss)

.rela.bss
 *(.rela.bss)

.rel.plt
 *(.rel.plt)

.rela.plt
 *(.rela.plt)

.text           0x00000000     0x1564
 *(.vectors)
 .vectors       0x00000000       0x68 c:/program files (x86)/atmel/avr tools/avr toolchain/bin/../lib/gcc/avr/4.8.1/../../../../avr/lib/avr5/crtm328p.o
                0x00000000                __vector_default
                0x00000000                __vectors
 *(.vectors)
 *(.progmem.gcc*)
                0x00000068                . = ALIGN (0x2)
                0x00000068                __trampolines_start = .
 *(.trampolines)
 .trampolines   0x00000068        0x0 linker stubs
 *(.trampolines*)
                0x00000068                __trampolines_end = .
 *(.progmem*)
 .progmem.data.__c.2317
                0x00000068       0x20 ./test2.o
 .progmem.data.__c.2315
                0x00000088       0x20 ./test2.o
 .progmem.data.__c.2313
                0x000000a8       0x20 ./test2.o
 .progmem.data.__c.2311
                0x000000c8       0x20 ./test2.o
 .progmem.data.__c.2309
                0x000000e8       0x20 ./test2.o
 .progmem.data.__c.2307
                0x00000108       0x20 ./test2.o
 .progmem.data.__c.2305
                0x00000128       0x20 ./test2.o
 .progmem.data.__c.2303
                0x00000148       0x20 ./test2.o
 .progmem.data.__c.2301
                0x00000168       0x20 ./test2.o
 .progmem.data.__c.2299
                0x00000188       0x20 ./test2.o
 .progmem.data.__c.2297
                0x000001a8       0x1f ./test2.o
 .progmem.data.__c.2295
                0x000001c7       0x1f ./test2.o
 .progmem.data.__c.2293
                0x000001e6       0x1f ./test2.o
 .progmem.data.__c.2291
                0x00000205       0x1f ./test2.o
 .progmem.data.__c.2289
                0x00000224       0x1f ./test2.o
 .progmem.data.__c.2287
                0x00000243       0x1f ./test2.o
 .progmem.data.__c.2285
                0x00000262       0x1f ./test2.o
 .progmem.data.__c.2283
                0x00000281       0x1f ./test2.o
 .progmem.data.__c.2281
                0x000002a0       0x1f ./test2.o
 .progmem.data.__c.2279
                0x000002bf       0x1f ./test2.o
 .progmem.data.__c.2277
                0x000002de       0x20 ./test2.o
 .progmem.data.__c.2275
                0x000002fe       0x20 ./test2.o
 .progmem.data.__c.2273
                0x0000031e       0x20 ./test2.o
 .progmem.data.__c.2271
                0x0000033e       0x20 ./test2.o
 .progmem.data.__c.2269
                0x0000035e       0x20 ./test2.o
 .progmem.data.__c.2267
                0x0000037e       0x20 ./test2.o
 .progmem.data.__c.2265
                0x0000039e       0x20 ./test2.o
 .progmem.data.__c.2263
                0x000003be       0x20 ./test2.o
 .progmem.data.__c.2261
                0x000003de       0x20 ./test2.o
 .progmem.data.__c.2259
                0x000003fe       0x20 ./test2.o
 .progmem.data.__c.2257
                0x0000041e        0x7 ./test2.o
 .progmem.data.__c.2255
                0x00000425       0x4b ./test2.o
 .progmem.data.__c.2253
                0x00000470       0x3c ./test2.o
                0x000004ac                . = ALIGN (0x2)
 *(.jumptables)
 *(.jumptables*)
 *(.lowtext)
 *(.lowtext*)
                0x000004ac                __ctors_start = .
 *(.ctors)
                0x000004ac                __ctors_end = .
                0x000004ac                __dtors_start = .
 *(.dtors)
                0x000004ac                __dtors_end = .
 SORT(*)(.ctors)
 SORT(*)(.dtors)
 *(.init0)
 .init0         0x000004ac        0x0 c:/program files (x86)/atmel/avr tools/avr toolchain/bin/../lib/gcc/avr/4.8.1/../../../../avr/lib/avr5/crtm328p.o
                0x000004ac                __init
 *(.init0)
 *(.init1)
 *(.init1)
 *(.init2)
 .init2         0x000004ac        0xc c:/program files (x86)/atmel/avr tools/avr toolchain/bin/../lib/gcc/avr/4.8.1/../../../../avr/lib/avr5/crtm328p.o
 *(.init2)
 *(.init3)
 *(.init3)
 *(.init4)
 .init4         0x000004b8       0x16 c:/program files (x86)/atmel/avr tools/avr toolchain/bin/../lib/gcc/avr/4.8.1/avr5\libgcc.a(_copy_data.o)
                0x000004b8                __do_copy_data
 .init4         0x000004ce       0x10 c:/program files (x86)/atmel/avr tools/avr toolchain/bin/../lib/gcc/avr/4.8.1/avr5\libgcc.a(_clear_bss.o)
                0x000004ce                __do_clear_bss
 *(.init4)
 *(.init5)
 *(.init5)
 *(.init6)
 *(.init6)
 *(.init7)
 *(.init7)
 *(.init8)
 *(.init8)
 *(.init9)
 .init9         0x000004de        0x8 c:/program files (x86)/atmel/avr tools/avr toolchain/bin/../lib/gcc/avr/4.8.1/../../../../avr/lib/avr5/crtm328p.o
 *(.init9)
 *(.text)
 .text          0x000004e6        0x4 c:/program files (x86)/atmel/avr tools/avr toolchain/bin/../lib/gcc/avr/4.8.1/../../../../avr/lib/avr5/crtm328p.o
                0x000004e6                __vector_22
                0x000004e6                __vector_1
                0x000004e6                __vector_24
                0x000004e6                __vector_12
                0x000004e6                __bad_interrupt
                0x000004e6                __vector_6
                0x000004e6                __vector_3
                0x000004e6                __vector_23
                0x000004e6                __vector_25
                0x000004e6                __vector_11
                0x000004e6                __vector_13
                0x000004e6                __vector_17
                0x000004e6                __vector_19
                0x000004e6                __vector_7
                0x000004e6                __vector_5
                0x000004e6                __vector_4
                0x000004e6                __vector_9
                0x000004e6                __vector_2
                0x000004e6                __vector_21
                0x000004e6                __vector_15
                0x000004e6                __vector_8
                0x000004e6                __vector_14
                0x000004e6                __vector_10
                0x000004e6                __vector_16
                0x000004e6                __vector_20
 .text          0x000004ea        0x0 ./enc28j60.o
 .text          0x000004ea        0x0 ./ip_arp_udp_tcp.o
 .text          0x000004ea        0x0 ./test2.o
 .text          0x000004ea        0x0 c:/program files (x86)/atmel/avr tools/avr toolchain/bin/../lib/gcc/avr/4.8.1/avr5\libgcc.a(_exit.o)
 .text          0x000004ea        0x0 c:/program files (x86)/atmel/avr tools/avr toolchain/bin/../lib/gcc/avr/4.8.1/avr5\libgcc.a(_copy_data.o)
 .text          0x000004ea        0x0 c:/program files (x86)/atmel/avr tools/avr toolchain/bin/../lib/gcc/avr/4.8.1/avr5\libgcc.a(_clear_bss.o)
 .text          0x000004ea        0x0 c:/program files (x86)/atmel/avr tools/avr toolchain/bin/../lib/gcc/avr/4.8.1/../../../../avr/lib/avr5\libc.a(strncmp.o)
                0x000004ea                . = ALIGN (0x2)
 *(.text.*)
 .text.enc28j60ReadOp
                0x000004ea       0x2c ./enc28j60.o
                0x000004ea                enc28j60ReadOp
 .text.enc28j60WriteOp
                0x00000516       0x1a ./enc28j60.o
                0x00000516                enc28j60WriteOp
 .text.enc28j60ReadBuffer
                0x00000530       0x2c ./enc28j60.o
                0x00000530                enc28j60ReadBuffer
 .text.enc28j60WriteBuffer
                0x0000055c       0x2a ./enc28j60.o
                0x0000055c                enc28j60WriteBuffer
 .text.enc28j60SetBank
                0x00000586       0x44 ./enc28j60.o
                0x00000586                enc28j60SetBank
 .text.enc28j60Read
                0x000005ca       0x20 ./enc28j60.o
                0x000005ca                enc28j60Read
 .text.enc28j60Write
                0x000005ea       0x26 ./enc28j60.o
                0x000005ea                enc28j60Write
 .text.enc28j60PhyReadH
                0x00000610       0x32 ./enc28j60.o
                0x00000610                enc28j60PhyReadH
 .text.enc28j60PhyWrite
                0x00000642       0x46 ./enc28j60.o
                0x00000642                enc28j60PhyWrite
 .text.enc28j60clkout
                0x00000688        0xa ./enc28j60.o
                0x00000688                enc28j60clkout
 .text.enc28j60Init
                0x00000692      0x14a ./enc28j60.o
                0x00000692                enc28j60Init
 .text.enc28j60getrev
                0x000007dc        0x6 ./enc28j60.o
                0x000007dc                enc28j60getrev
 .text.enc28j60linkup
                0x000007e2       0x12 ./enc28j60.o
                0x000007e2                enc28j60linkup
 .text.enc28j60PacketSend
                0x000007f4       0x84 ./enc28j60.o
                0x000007f4                enc28j60PacketSend
 .text.enc28j60hasRxPkt
                0x00000878       0x12 ./enc28j60.o
                0x00000878                enc28j60hasRxPkt
 .text.enc28j60PacketReceive
                0x0000088a      0x110 ./enc28j60.o
                0x0000088a                enc28j60PacketReceive
 .text.checksum
                0x0000099a       0xbc ./ip_arp_udp_tcp.o
                0x0000099a                checksum
 .text.init_ip_arp_udp_tcp
                0x00000a56       0x2a ./ip_arp_udp_tcp.o
                0x00000a56                init_ip_arp_udp_tcp
 .text.eth_type_is_arp_and_my_ip
                0x00000a80       0x34 ./ip_arp_udp_tcp.o
                0x00000a80                eth_type_is_arp_and_my_ip
 .text.eth_type_is_ip_and_my_ip
                0x00000ab4       0x38 ./ip_arp_udp_tcp.o
                0x00000ab4                eth_type_is_ip_and_my_ip
 .text.make_eth
                0x00000aec       0x26 ./ip_arp_udp_tcp.o
                0x00000aec                make_eth
 .text.fill_ip_hdr_checksum
                0x00000b12       0x2a ./ip_arp_udp_tcp.o
                0x00000b12                fill_ip_hdr_checksum
 .text.make_ip  0x00000b3c       0x28 ./ip_arp_udp_tcp.o
                0x00000b3c                make_ip
 .text.make_tcphead
                0x00000b64       0x7c ./ip_arp_udp_tcp.o
                0x00000b64                make_tcphead
 .text.make_arp_answer_from_request
                0x00000be0       0x66 ./ip_arp_udp_tcp.o
                0x00000be0                make_arp_answer_from_request
 .text.make_echo_reply_from_request
                0x00000c46       0x38 ./ip_arp_udp_tcp.o
                0x00000c46                make_echo_reply_from_request
 .text.make_udp_reply_from_request
                0x00000c7e       0x90 ./ip_arp_udp_tcp.o
                0x00000c7e                make_udp_reply_from_request
 .text.make_tcp_synack_from_syn
                0x00000d0e       0x48 ./ip_arp_udp_tcp.o
                0x00000d0e                make_tcp_synack_from_syn
 .text.get_tcp_data_pointer
                0x00000d56       0x1e ./ip_arp_udp_tcp.o
                0x00000d56                get_tcp_data_pointer
 .text.init_len_info
                0x00000d74       0x46 ./ip_arp_udp_tcp.o
                0x00000d74                init_len_info
 .text.fill_tcp_data_p
                0x00000dba       0x24 ./ip_arp_udp_tcp.o
                0x00000dba                fill_tcp_data_p
 .text.fill_tcp_data
                0x00000dde       0x1c ./ip_arp_udp_tcp.o
                0x00000dde                fill_tcp_data
 .text.make_tcp_ack_from_any
                0x00000dfa       0x56 ./ip_arp_udp_tcp.o
                0x00000dfa                make_tcp_ack_from_any
 .text.make_tcp_ack_with_data
                0x00000e50       0x48 ./ip_arp_udp_tcp.o
                0x00000e50                make_tcp_ack_with_data
 .text._LCD_OutNibble
                0x00000e98       0x2a ./test2.o
                0x00000e98                _LCD_OutNibble
 .text._LCD_Write
                0x00000ec2       0x2a ./test2.o
                0x00000ec2                _LCD_Write
 .text.LCD_WriteCommand
                0x00000eec        0x6 ./test2.o
                0x00000eec                LCD_WriteCommand
 .text.LCD_WriteData
                0x00000ef2        0x6 ./test2.o
                0x00000ef2                LCD_WriteData
 .text.LCD_WriteText
                0x00000ef8       0x18 ./test2.o
                0x00000ef8                LCD_WriteText
 .text.LCD_GoTo
                0x00000f10        0xe ./test2.o
                0x00000f10                LCD_GoTo
 .text.LCD_Clear
                0x00000f1e       0x14 ./test2.o
                0x00000f1e                LCD_Clear
 .text.LCD_Home
                0x00000f32       0x14 ./test2.o
                0x00000f32                LCD_Home
 .text.LCD_Initalize
                0x00000f46       0x7c ./test2.o
                0x00000f46                LCD_Initalize
 .text.USART_Init
                0x00000fc2       0x1e ./test2.o
                0x00000fc2                USART_Init
 .text.uart_recieve
                0x00000fe0        0xa ./test2.o
                0x00000fe0                uart_recieve
 .text.__vector_18
                0x00000fea       0x60 ./test2.o
                0x00000fea                __vector_18
 .text.startup.main
                0x0000104a      0x4fa ./test2.o
                0x0000104a                main
 .text.libgcc.mul
                0x00001544        0x0 c:/program files (x86)/atmel/avr tools/avr toolchain/bin/../lib/gcc/avr/4.8.1/avr5\libgcc.a(_exit.o)
 .text.libgcc.div
                0x00001544        0x0 c:/program files (x86)/atmel/avr tools/avr toolchain/bin/../lib/gcc/avr/4.8.1/avr5\libgcc.a(_exit.o)
 .text.libgcc   0x00001544        0x0 c:/program files (x86)/atmel/avr tools/avr toolchain/bin/../lib/gcc/avr/4.8.1/avr5\libgcc.a(_exit.o)
 .text.libgcc.prologue
                0x00001544        0x0 c:/program files (x86)/atmel/avr tools/avr toolchain/bin/../lib/gcc/avr/4.8.1/avr5\libgcc.a(_exit.o)
 .text.libgcc.builtins
                0x00001544        0x0 c:/program files (x86)/atmel/avr tools/avr toolchain/bin/../lib/gcc/avr/4.8.1/avr5\libgcc.a(_exit.o)
 .text.libgcc.fmul
                0x00001544        0x0 c:/program files (x86)/atmel/avr tools/avr toolchain/bin/../lib/gcc/avr/4.8.1/avr5\libgcc.a(_exit.o)
 .text.libgcc.fixed
                0x00001544        0x0 c:/program files (x86)/atmel/avr tools/avr toolchain/bin/../lib/gcc/avr/4.8.1/avr5\libgcc.a(_exit.o)
 .text.libgcc.mul
                0x00001544        0x0 c:/program files (x86)/atmel/avr tools/avr toolchain/bin/../lib/gcc/avr/4.8.1/avr5\libgcc.a(_copy_data.o)
 .text.libgcc.div
                0x00001544        0x0 c:/program files (x86)/atmel/avr tools/avr toolchain/bin/../lib/gcc/avr/4.8.1/avr5\libgcc.a(_copy_data.o)
 .text.libgcc   0x00001544        0x0 c:/program files (x86)/atmel/avr tools/avr toolchain/bin/../lib/gcc/avr/4.8.1/avr5\libgcc.a(_copy_data.o)
 .text.libgcc.prologue
                0x00001544        0x0 c:/program files (x86)/atmel/avr tools/avr toolchain/bin/../lib/gcc/avr/4.8.1/avr5\libgcc.a(_copy_data.o)
 .text.libgcc.builtins
                0x00001544        0x0 c:/program files (x86)/atmel/avr tools/avr toolchain/bin/../lib/gcc/avr/4.8.1/avr5\libgcc.a(_copy_data.o)
 .text.libgcc.fmul
                0x00001544        0x0 c:/program files (x86)/atmel/avr tools/avr toolchain/bin/../lib/gcc/avr/4.8.1/avr5\libgcc.a(_copy_data.o)
 .text.libgcc.fixed
                0x00001544        0x0 c:/program files (x86)/atmel/avr tools/avr toolchain/bin/../lib/gcc/avr/4.8.1/avr5\libgcc.a(_copy_data.o)
 .text.libgcc.mul
                0x00001544        0x0 c:/program files (x86)/atmel/avr tools/avr toolchain/bin/../lib/gcc/avr/4.8.1/avr5\libgcc.a(_clear_bss.o)
 .text.libgcc.div
                0x00001544        0x0 c:/program files (x86)/atmel/avr tools/avr toolchain/bin/../lib/gcc/avr/4.8.1/avr5\libgcc.a(_clear_bss.o)
 .text.libgcc   0x00001544        0x0 c:/program files (x86)/atmel/avr tools/avr toolchain/bin/../lib/gcc/avr/4.8.1/avr5\libgcc.a(_clear_bss.o)
 .text.libgcc.prologue
                0x00001544        0x0 c:/program files (x86)/atmel/avr tools/avr toolchain/bin/../lib/gcc/avr/4.8.1/avr5\libgcc.a(_clear_bss.o)
 .text.libgcc.builtins
                0x00001544        0x0 c:/program files (x86)/atmel/avr tools/avr toolchain/bin/../lib/gcc/avr/4.8.1/avr5\libgcc.a(_clear_bss.o)
 .text.libgcc.fmul
                0x00001544        0x0 c:/program files (x86)/atmel/avr tools/avr toolchain/bin/../lib/gcc/avr/4.8.1/avr5\libgcc.a(_clear_bss.o)
 .text.libgcc.fixed
                0x00001544        0x0 c:/program files (x86)/atmel/avr tools/avr toolchain/bin/../lib/gcc/avr/4.8.1/avr5\libgcc.a(_clear_bss.o)
 .text.avr-libc
                0x00001544       0x1c c:/program files (x86)/atmel/avr tools/avr toolchain/bin/../lib/gcc/avr/4.8.1/../../../../avr/lib/avr5\libc.a(strncmp.o)
                0x00001544                strncmp
                0x00001560                . = ALIGN (0x2)
 *(.fini9)
 .fini9         0x00001560        0x0 c:/program files (x86)/atmel/avr tools/avr toolchain/bin/../lib/gcc/avr/4.8.1/avr5\libgcc.a(_exit.o)
                0x00001560                _exit
                0x00001560                exit
 *(.fini9)
 *(.fini8)
 *(.fini8)
 *(.fini7)
 *(.fini7)
 *(.fini6)
 *(.fini6)
 *(.fini5)
 *(.fini5)
 *(.fini4)
 *(.fini4)
 *(.fini3)
 *(.fini3)
 *(.fini2)
 *(.fini2)
 *(.fini1)
 *(.fini1)
 *(.fini0)
 .fini0         0x00001560        0x4 c:/program files (x86)/atmel/avr tools/avr toolchain/bin/../lib/gcc/avr/4.8.1/avr5\libgcc.a(_exit.o)
 *(.fini0)
                0x00001564                _etext = .

.data           0x00800100       0x46 load address 0x00001564
                0x00800100                PROVIDE (__data_start, .)
 *(.data)
 .data          0x00800100        0x0 c:/program files (x86)/atmel/avr tools/avr toolchain/bin/../lib/gcc/avr/4.8.1/../../../../avr/lib/avr5/crtm328p.o
 .data          0x00800100        0x0 ./enc28j60.o
 .data          0x00800100        0x0 ./ip_arp_udp_tcp.o
 .data          0x00800100        0x0 ./test2.o
 .data          0x00800100        0x0 c:/program files (x86)/atmel/avr tools/avr toolchain/bin/../lib/gcc/avr/4.8.1/avr5\libgcc.a(_exit.o)
 .data          0x00800100        0x0 c:/program files (x86)/atmel/avr tools/avr toolchain/bin/../lib/gcc/avr/4.8.1/avr5\libgcc.a(_copy_data.o)
 .data          0x00800100        0x0 c:/program files (x86)/atmel/avr tools/avr toolchain/bin/../lib/gcc/avr/4.8.1/avr5\libgcc.a(_clear_bss.o)
 .data          0x00800100        0x0 c:/program files (x86)/atmel/avr tools/avr toolchain/bin/../lib/gcc/avr/4.8.1/../../../../avr/lib/avr5\libc.a(strncmp.o)
 *(.data*)
 .data.seqnum   0x00800100        0x1 ./ip_arp_udp_tcp.o
 .data.wwwport  0x00800101        0x1 ./ip_arp_udp_tcp.o
 .data.myip     0x00800102        0x4 ./test2.o
 .data.mymac    0x00800106        0x6 ./test2.o
 *(.rodata)
 .rodata        0x0080010c       0x10 ./test2.o
 *(.rodata*)
 .rodata.str1.1
                0x0080011c       0x2a ./test2.o
 *(.gnu.linkonce.d*)
                0x00800146                . = ALIGN (0x2)
                0x00800146                _edata = .
                0x00800146                PROVIDE (__data_end, .)

.bss            0x00800146      0x1e2
                0x00800146                PROVIDE (__bss_start, .)
 *(.bss)
 .bss           0x00800146        0x0 c:/program files (x86)/atmel/avr tools/avr toolchain/bin/../lib/gcc/avr/4.8.1/../../../../avr/lib/avr5/crtm328p.o
 .bss           0x00800146        0x0 ./enc28j60.o
 .bss           0x00800146        0x0 ./ip_arp_udp_tcp.o
 .bss           0x00800146        0x0 ./test2.o
 .bss           0x00800146        0x0 c:/program files (x86)/atmel/avr tools/avr toolchain/bin/../lib/gcc/avr/4.8.1/avr5\libgcc.a(_exit.o)
 .bss           0x00800146        0x0 c:/program files (x86)/atmel/avr tools/avr toolchain/bin/../lib/gcc/avr/4.8.1/avr5\libgcc.a(_copy_data.o)
 .bss           0x00800146        0x0 c:/program files (x86)/atmel/avr tools/avr toolchain/bin/../lib/gcc/avr/4.8.1/avr5\libgcc.a(_clear_bss.o)
 .bss           0x00800146        0x0 c:/program files (x86)/atmel/avr tools/avr toolchain/bin/../lib/gcc/avr/4.8.1/../../../../avr/lib/avr5\libc.a(strncmp.o)
 *(.bss*)
 .bss.gNextPacketPtr
                0x00800146        0x2 ./enc28j60.o
 .bss.Enc28j60Bank
                0x00800148        0x1 ./enc28j60.o
 .bss.info_data_len
                0x00800149        0x2 ./ip_arp_udp_tcp.o
 .bss.info_hdr_len
                0x0080014b        0x2 ./ip_arp_udp_tcp.o
 .bss.ipaddr    0x0080014d        0x4 ./ip_arp_udp_tcp.o
 .bss.macaddr   0x00800151        0x6 ./ip_arp_udp_tcp.o
 .bss.bufor_ready
                0x00800157        0x1 ./test2.o
                0x00800157                bufor_ready
 .bss._bufor    0x00800158        0x1 ./test2.o
                0x00800158                _bufor
 .bss.buf       0x00800159      0x1c3 ./test2.o
 *(COMMON)
 COMMON         0x0080031c        0xc ./test2.o
                0x0080031c                _buf
                0x0080031d                i
                0x0080031e                bufor
                0x00800328                PROVIDE (__bss_end, .)
                0x00001564                __data_load_start = LOADADDR (.data)
                0x000015aa                __data_load_end = (__data_load_start + SIZEOF (.data))

.noinit         0x00800328        0x0
                0x00800328                PROVIDE (__noinit_start, .)
 *(.noinit*)
                0x00800328                PROVIDE (__noinit_end, .)
                0x00800328                _end = .
                0x00800328                PROVIDE (__heap_start, .)

.eeprom         0x00810000        0x0
 *(.eeprom*)
                0x00810000                __eeprom_end = .

.fuse
 *(.fuse)
 *(.lfuse)
 *(.hfuse)
 *(.efuse)

.lock
 *(.lock*)

.signature
 *(.signature*)

.user_signatures
 *(.user_signatures*)

.stab
 *(.stab)

.stabstr
 *(.stabstr)

.stab.excl
 *(.stab.excl)

.stab.exclstr
 *(.stab.exclstr)

.stab.index
 *(.stab.index)

.stab.indexstr
 *(.stab.indexstr)

.comment        0x00000000       0x30
 *(.comment)
 .comment       0x00000000       0x30 ./enc28j60.o
                                 0x31 (size before relaxing)
 .comment       0x00000000       0x31 ./ip_arp_udp_tcp.o
 .comment       0x00000000       0x31 ./test2.o

.note.gnu.build-id
 *(.note.gnu.build-id)

.debug
 *(.debug)

.line
 *(.line)

.debug_srcinfo
 *(.debug_srcinfo)

.debug_sfnames
 *(.debug_sfnames)

.debug_aranges
 *(.debug_aranges)

.debug_pubnames
 *(.debug_pubnames)

.debug_info
 *(.debug_info .gnu.linkonce.wi.*)

.debug_abbrev
 *(.debug_abbrev)

.debug_line
 *(.debug_line .debug_line.* .debug_line_end)

.debug_frame
 *(.debug_frame)

.debug_str
 *(.debug_str)

.debug_loc
 *(.debug_loc)

.debug_macinfo
 *(.debug_macinfo)

.debug_weaknames
 *(.debug_weaknames)

.debug_funcnames
 *(.debug_funcnames)

.debug_typenames
 *(.debug_typenames)

.debug_varnames
 *(.debug_varnames)

.debug_pubtypes
 *(.debug_pubtypes)

.debug_ranges
 *(.debug_ranges)

.debug_macro
 *(.debug_macro)
OUTPUT(RXeth.elf elf32-avr)
LOAD linker stubs
